.\mvnw.cmd : WARNING: A terminally deprecated method in 
sun.misc.Unsafe has been called
At line:1 char:77
+ ... 0.2.10-hotspot"; .\mvnw.cmd compile > compile_errors.log 
2>&1 ; Get-C ...
+                      
~~~~~~~~~~~~~~~~~~~~~~~~~~~~~~~~~~~~~~~~~~~~
    + CategoryInfo          : NotSpecified: (WARNING: A term...h 
   as been called:String) [], RemoteException
    + FullyQualifiedErrorId : NativeCommandError
 
WARNING: sun.misc.Unsafe::staticFieldBase has been called by 
com.google.inject.internal.aop.HiddenClassDefiner (file:/C:/Users
/marcelo.fernandes/.m2/wrapper/dists/apache-maven-3.9.10/a38810a4
91b03367137adfdfbe7d14c4/lib/guice-5.1.0-classes.jar)
WARNING: Please consider reporting this to the maintainers of 
class com.google.inject.internal.aop.HiddenClassDefiner
WARNING: sun.misc.Unsafe::staticFieldBase will be removed in a 
future release
[INFO] Scanning for projects...
[INFO] 
[INFO] -----------------< cv.igrp.platform:access-management >-----------------
[INFO] Building igrp_platform_access_management 0.0.1-SNAPSHOT
[INFO]   from pom.xml
[INFO] --------------------------------[ jar ]---------------------------------
[INFO] 
[INFO] --- jacoco:0.8.13:prepare-agent (prepare-agent) @ access-management ---
[INFO] argLine set to "-javaagent:C:\\Users\\marcelo.fernandes\\.m2\\repository\\org\\jacoco\\org.jacoco.agent\\0.8.13\\org.jacoco.agent-0.8.13-runtime.jar=destfile=C:\\Users\\marcelo.fernandes\\OneDrive - nosiepe\\Documentos\\Antigravity\\igrp-platform-access-management\\target\\jacoco.exec,excludes=**/*DTO.class:**/*Command.class:**/*Query.class:**/controller/**:**/config/**:**/spring/**"
[INFO] 
[INFO] --- resources:3.3.1:resources (default-resources) @ access-management ---
[INFO] Copying 5 resources from src\main\resources to target\classes
[INFO] Copying 8 resources from src\main\resources to target\classes
[INFO] 
[INFO] --- compiler:3.14.0:compile (default-compile) @ access-management ---
[INFO] Recompiling the module because of changed source code.
[INFO] Compiling 368 source files with javac [debug parameters release 23] to target\classes
mar. 24, 2026 7:29:07 DA TARDE 
cv.igrp.framework.auth.core.processor.PermissionSourceGenerator 
process
INFO: Generated PermissionsRegistry successfully.
[INFO] -------------------------------------------------------------
[WARNING] COMPILATION WARNING : 
[INFO] -------------------------------------------------------------
[WARNING] Supported source version 'RELEASE_21' from annotation processor 'cv.igrp.framework.auth.core.processor.PermissionSourceGenerator' less than -source '23'
[INFO] 1 warning
[INFO] -------------------------------------------------------------
[INFO] -------------------------------------------------------------
[ERROR] COMPILATION ERROR : 
[INFO] -------------------------------------------------------------
[ERROR] /C:/Users/marcelo.fernandes/OneDrive - nosiepe/Documentos/Antigravity/igrp-platform-access-management/src/main/java/cv/igrp/platform/access_management/shared/domain/audit/AuthAuditLog.java:[31,2] cannot find symbol
  symbol: class AllArgsConstructor
[INFO] 1 error
[INFO] -------------------------------------------------------------
[INFO] ------------------------------------------------------------------------
[INFO] BUILD FAILURE
[INFO] ------------------------------------------------------------------------
[INFO] Total time:  25.454 s
[INFO] Finished at: 2026-03-24T19:29:10-01:00
[INFO] ------------------------------------------------------------------------
[ERROR] Failed to execute goal org.apache.maven.plugins:maven-compiler-plugin:3.14.0:compile (default-compile) on project access-management: Compilation failure
[ERROR] /C:/Users/marcelo.fernandes/OneDrive - nosiepe/Documentos/Antigravity/igrp-platform-access-management/src/main/java/cv/igrp/platform/access_management/shared/domain/audit/AuthAuditLog.java:[31,2] cannot find symbol
[ERROR]   symbol: class AllArgsConstructor
[ERROR] 
[ERROR] -> [Help 1]
[ERROR] 
[ERROR] To see the full stack trace of the errors, re-run Maven with the -e switch.
[ERROR] Re-run Maven using the -X switch to enable full debug logging.
[ERROR] 
[ERROR] For more information about the errors and possible solutions, please read the following articles:
[ERROR] [Help 1] http://cwiki.apache.org/confluence/display/MAVEN/MojoFailureException
